Archive member included to satisfy reference by file (symbol)

c:/program files (x86)/atmel/studio/7.0/toolchain/avr8/avr8-gnu-toolchain/bin/../lib/gcc/avr/5.4.0/avr5\libgcc.a(_udivmodhi4.o)
                              MCAL/UART!/UART.o (__udivmodhi4)
c:/program files (x86)/atmel/studio/7.0/toolchain/avr8/avr8-gnu-toolchain/bin/../lib/gcc/avr/5.4.0/avr5\libgcc.a(_divmodhi4.o)
                              HAL/LCD/LCD_Driver.o (__divmodhi4)
c:/program files (x86)/atmel/studio/7.0/toolchain/avr8/avr8-gnu-toolchain/bin/../lib/gcc/avr/5.4.0/avr5\libgcc.a(_udivmodsi4.o)
                              HAL/LCD/LCD_Driver.o (__udivmodsi4)
c:/program files (x86)/atmel/studio/7.0/toolchain/avr8/avr8-gnu-toolchain/bin/../lib/gcc/avr/5.4.0/avr5\libgcc.a(_exit.o)
                              C:/Program Files (x86)/Atmel/Studio/7.0/Packs/atmel/ATmega_DFP/1.7.374/gcc/dev/atmega32a/avr5/crtatmega32a.o (exit)
c:/program files (x86)/atmel/studio/7.0/toolchain/avr8/avr8-gnu-toolchain/bin/../lib/gcc/avr/5.4.0/avr5\libgcc.a(_tablejump2.o)
                              HAL/LCD/LCD_Driver.o (__tablejump2__)
c:/program files (x86)/atmel/studio/7.0/toolchain/avr8/avr8-gnu-toolchain/bin/../lib/gcc/avr/5.4.0/avr5\libgcc.a(_copy_data.o)
                              APP/Final_project.o (__do_copy_data)
c:/program files (x86)/atmel/studio/7.0/toolchain/avr8/avr8-gnu-toolchain/bin/../lib/gcc/avr/5.4.0/avr5\libgcc.a(_clear_bss.o)
                              APP/Final_project.o (__do_clear_bss)

Discarded input sections

 .data          0x00000000        0x0 C:/Program Files (x86)/Atmel/Studio/7.0/Packs/atmel/ATmega_DFP/1.7.374/gcc/dev/atmega32a/avr5/crtatmega32a.o
 .bss           0x00000000        0x0 C:/Program Files (x86)/Atmel/Studio/7.0/Packs/atmel/ATmega_DFP/1.7.374/gcc/dev/atmega32a/avr5/crtatmega32a.o
 .text          0x00000000        0x0 APP/Final_project.o
 .data          0x00000000        0x0 APP/Final_project.o
 .bss           0x00000000        0x0 APP/Final_project.o
 .text.temp_func
                0x00000000      0x1cc APP/Final_project.o
 .text          0x00000000        0x0 HAL/EEPROM/EEPROM_MT.o
 .data          0x00000000        0x0 HAL/EEPROM/EEPROM_MT.o
 .bss           0x00000000        0x0 HAL/EEPROM/EEPROM_MT.o
 .text.EEPROM_READ
                0x00000000       0x38 HAL/EEPROM/EEPROM_MT.o
 .text          0x00000000        0x0 HAL/KEY_PAD/Keypad_Driver.o
 .data          0x00000000        0x0 HAL/KEY_PAD/Keypad_Driver.o
 .bss           0x00000000        0x0 HAL/KEY_PAD/Keypad_Driver.o
 .text          0x00000000        0x0 HAL/LCD/LCD_Driver.o
 .data          0x00000000        0x0 HAL/LCD/LCD_Driver.o
 .bss           0x00000000        0x0 HAL/LCD/LCD_Driver.o
 .rodata.str1.1
                0x00000000       0x1b HAL/LCD/LCD_Driver.o
 .text.DispError
                0x00000000       0x84 HAL/LCD/LCD_Driver.o
 .text.get_num  0x00000000       0x6a HAL/LCD/LCD_Driver.o
 .progmem.gcc_sw_table.get_num
                0x00000000       0x28 HAL/LCD/LCD_Driver.o
 .text.get_func
                0x00000000       0x2a HAL/LCD/LCD_Driver.o
 .text.disp_num
                0x00000000       0x4c HAL/LCD/LCD_Driver.o
 .text          0x00000000        0x0 main.o
 .data          0x00000000        0x0 main.o
 .bss           0x00000000        0x0 main.o
 .text          0x00000000        0x0 MCAL/ADC/ADCc.o
 .data          0x00000000        0x0 MCAL/ADC/ADCc.o
 .bss           0x00000000        0x0 MCAL/ADC/ADCc.o
 .text.ADC_read
                0x00000000       0x2c MCAL/ADC/ADCc.o
 .text          0x00000000        0x0 MCAL/DIO/DIO.o
 .data          0x00000000        0x0 MCAL/DIO/DIO.o
 .bss           0x00000000        0x0 MCAL/DIO/DIO.o
 .text.DIO_toggle_pin
                0x00000000       0x7a MCAL/DIO/DIO.o
 .text.DIO_init_port
                0x00000000       0x32 MCAL/DIO/DIO.o
 .text.DIO_init_multiple_pins
                0x00000000       0xa2 MCAL/DIO/DIO.o
 .text          0x00000000        0x0 MCAL/I2C/i2c_MT.o
 .data          0x00000000        0x0 MCAL/I2C/i2c_MT.o
 .bss           0x00000000        0x0 MCAL/I2C/i2c_MT.o
 .text.i2c_read
                0x00000000       0x16 MCAL/I2C/i2c_MT.o
 .text.i2c_slave_init
                0x00000000        0x8 MCAL/I2C/i2c_MT.o
 .text.i2c_slave_available
                0x00000000       0x12 MCAL/I2C/i2c_MT.o
 .text.i2c_get_status
                0x00000000        0xc MCAL/I2C/i2c_MT.o
 .text          0x00000000        0x0 MCAL/INTERRUPT/external_interrupts.o
 .data          0x00000000        0x0 MCAL/INTERRUPT/external_interrupts.o
 .bss           0x00000000        0x0 MCAL/INTERRUPT/external_interrupts.o
 .text.EXT_INT_0_init
                0x00000000       0x38 MCAL/INTERRUPT/external_interrupts.o
 .text.EXT_INT_2_init
                0x00000000       0x22 MCAL/INTERRUPT/external_interrupts.o
 .text          0x00000000        0x0 MCAL/TIMER/timer0.o
 .data          0x00000000        0x0 MCAL/TIMER/timer0.o
 .bss           0x00000000        0x0 MCAL/TIMER/timer0.o
 .text.timer0_start
                0x00000000       0x4a MCAL/TIMER/timer0.o
 .text.Timer0_Set_OCR0
                0x00000000        0x4 MCAL/TIMER/timer0.o
 .text.timer0_stop
                0x00000000        0x4 MCAL/TIMER/timer0.o
 .text.timer0_dutyCycle
                0x00000000       0x38 MCAL/TIMER/timer0.o
 .text.timer0_setCallBack
                0x00000000       0x3a MCAL/TIMER/timer0.o
 .bss.ptr2fun_t0cmp
                0x00000000        0x2 MCAL/TIMER/timer0.o
 .text          0x00000000        0x0 MCAL/UART!/UART.o
 .data          0x00000000        0x0 MCAL/UART!/UART.o
 .bss           0x00000000        0x0 MCAL/UART!/UART.o
 .text.UART_Transmit
                0x00000000        0x8 MCAL/UART!/UART.o
 .text.UART_Receive
                0x00000000        0x8 MCAL/UART!/UART.o
 .text.UART_sendString
                0x00000000       0x26 MCAL/UART!/UART.o
 .text.UART_setCallBack
                0x00000000        0xe MCAL/UART!/UART.o
 .text.UART_RXC_VECT
                0x00000000       0x52 MCAL/UART!/UART.o
 .bss.p2RXC_ISR_Func
                0x00000000        0x2 MCAL/UART!/UART.o
 .text          0x00000000        0x0 c:/program files (x86)/atmel/studio/7.0/toolchain/avr8/avr8-gnu-toolchain/bin/../lib/gcc/avr/5.4.0/avr5\libgcc.a(_udivmodhi4.o)
 .data          0x00000000        0x0 c:/program files (x86)/atmel/studio/7.0/toolchain/avr8/avr8-gnu-toolchain/bin/../lib/gcc/avr/5.4.0/avr5\libgcc.a(_udivmodhi4.o)
 .bss           0x00000000        0x0 c:/program files (x86)/atmel/studio/7.0/toolchain/avr8/avr8-gnu-toolchain/bin/../lib/gcc/avr/5.4.0/avr5\libgcc.a(_udivmodhi4.o)
 .text.libgcc.mul
                0x00000000        0x0 c:/program files (x86)/atmel/studio/7.0/toolchain/avr8/avr8-gnu-toolchain/bin/../lib/gcc/avr/5.4.0/avr5\libgcc.a(_udivmodhi4.o)
 .text.libgcc   0x00000000        0x0 c:/program files (x86)/atmel/studio/7.0/toolchain/avr8/avr8-gnu-toolchain/bin/../lib/gcc/avr/5.4.0/avr5\libgcc.a(_udivmodhi4.o)
 .text.libgcc.prologue
                0x00000000        0x0 c:/program files (x86)/atmel/studio/7.0/toolchain/avr8/avr8-gnu-toolchain/bin/../lib/gcc/avr/5.4.0/avr5\libgcc.a(_udivmodhi4.o)
 .text.libgcc.builtins
                0x00000000        0x0 c:/program files (x86)/atmel/studio/7.0/toolchain/avr8/avr8-gnu-toolchain/bin/../lib/gcc/avr/5.4.0/avr5\libgcc.a(_udivmodhi4.o)
 .text.libgcc.fmul
                0x00000000        0x0 c:/program files (x86)/atmel/studio/7.0/toolchain/avr8/avr8-gnu-toolchain/bin/../lib/gcc/avr/5.4.0/avr5\libgcc.a(_udivmodhi4.o)
 .text.libgcc.fixed
                0x00000000        0x0 c:/program files (x86)/atmel/studio/7.0/toolchain/avr8/avr8-gnu-toolchain/bin/../lib/gcc/avr/5.4.0/avr5\libgcc.a(_udivmodhi4.o)
 .text          0x00000000        0x0 c:/program files (x86)/atmel/studio/7.0/toolchain/avr8/avr8-gnu-toolchain/bin/../lib/gcc/avr/5.4.0/avr5\libgcc.a(_divmodhi4.o)
 .data          0x00000000        0x0 c:/program files (x86)/atmel/studio/7.0/toolchain/avr8/avr8-gnu-toolchain/bin/../lib/gcc/avr/5.4.0/avr5\libgcc.a(_divmodhi4.o)
 .bss           0x00000000        0x0 c:/program files (x86)/atmel/studio/7.0/toolchain/avr8/avr8-gnu-toolchain/bin/../lib/gcc/avr/5.4.0/avr5\libgcc.a(_divmodhi4.o)
 .text.libgcc.mul
                0x00000000        0x0 c:/program files (x86)/atmel/studio/7.0/toolchain/avr8/avr8-gnu-toolchain/bin/../lib/gcc/avr/5.4.0/avr5\libgcc.a(_divmodhi4.o)
 .text.libgcc.div
                0x00000000       0x28 c:/program files (x86)/atmel/studio/7.0/toolchain/avr8/avr8-gnu-toolchain/bin/../lib/gcc/avr/5.4.0/avr5\libgcc.a(_divmodhi4.o)
 .text.libgcc   0x00000000        0x0 c:/program files (x86)/atmel/studio/7.0/toolchain/avr8/avr8-gnu-toolchain/bin/../lib/gcc/avr/5.4.0/avr5\libgcc.a(_divmodhi4.o)
 .text.libgcc.prologue
                0x00000000        0x0 c:/program files (x86)/atmel/studio/7.0/toolchain/avr8/avr8-gnu-toolchain/bin/../lib/gcc/avr/5.4.0/avr5\libgcc.a(_divmodhi4.o)
 .text.libgcc.builtins
                0x00000000        0x0 c:/program files (x86)/atmel/studio/7.0/toolchain/avr8/avr8-gnu-toolchain/bin/../lib/gcc/avr/5.4.0/avr5\libgcc.a(_divmodhi4.o)
 .text.libgcc.fmul
                0x00000000        0x0 c:/program files (x86)/atmel/studio/7.0/toolchain/avr8/avr8-gnu-toolchain/bin/../lib/gcc/avr/5.4.0/avr5\libgcc.a(_divmodhi4.o)
 .text.libgcc.fixed
                0x00000000        0x0 c:/program files (x86)/atmel/studio/7.0/toolchain/avr8/avr8-gnu-toolchain/bin/../lib/gcc/avr/5.4.0/avr5\libgcc.a(_divmodhi4.o)
 .text          0x00000000        0x0 c:/program files (x86)/atmel/studio/7.0/toolchain/avr8/avr8-gnu-toolchain/bin/../lib/gcc/avr/5.4.0/avr5\libgcc.a(_udivmodsi4.o)
 .data          0x00000000        0x0 c:/program files (x86)/atmel/studio/7.0/toolchain/avr8/avr8-gnu-toolchain/bin/../lib/gcc/avr/5.4.0/avr5\libgcc.a(_udivmodsi4.o)
 .bss           0x00000000        0x0 c:/program files (x86)/atmel/studio/7.0/toolchain/avr8/avr8-gnu-toolchain/bin/../lib/gcc/avr/5.4.0/avr5\libgcc.a(_udivmodsi4.o)
 .text.libgcc.mul
                0x00000000        0x0 c:/program files (x86)/atmel/studio/7.0/toolchain/avr8/avr8-gnu-toolchain/bin/../lib/gcc/avr/5.4.0/avr5\libgcc.a(_udivmodsi4.o)
 .text.libgcc   0x00000000        0x0 c:/program files (x86)/atmel/studio/7.0/toolchain/avr8/avr8-gnu-toolchain/bin/../lib/gcc/avr/5.4.0/avr5\libgcc.a(_udivmodsi4.o)
 .text.libgcc.prologue
                0x00000000        0x0 c:/program files (x86)/atmel/studio/7.0/toolchain/avr8/avr8-gnu-toolchain/bin/../lib/gcc/avr/5.4.0/avr5\libgcc.a(_udivmodsi4.o)
 .text.libgcc.builtins
                0x00000000        0x0 c:/program files (x86)/atmel/studio/7.0/toolchain/avr8/avr8-gnu-toolchain/bin/../lib/gcc/avr/5.4.0/avr5\libgcc.a(_udivmodsi4.o)
 .text.libgcc.fmul
                0x00000000        0x0 c:/program files (x86)/atmel/studio/7.0/toolchain/avr8/avr8-gnu-toolchain/bin/../lib/gcc/avr/5.4.0/avr5\libgcc.a(_udivmodsi4.o)
 .text.libgcc.fixed
                0x00000000        0x0 c:/program files (x86)/atmel/studio/7.0/toolchain/avr8/avr8-gnu-toolchain/bin/../lib/gcc/avr/5.4.0/avr5\libgcc.a(_udivmodsi4.o)
 .text          0x00000000        0x0 c:/program files (x86)/atmel/studio/7.0/toolchain/avr8/avr8-gnu-toolchain/bin/../lib/gcc/avr/5.4.0/avr5\libgcc.a(_exit.o)
 .data          0x00000000        0x0 c:/program files (x86)/atmel/studio/7.0/toolchain/avr8/avr8-gnu-toolchain/bin/../lib/gcc/avr/5.4.0/avr5\libgcc.a(_exit.o)
 .bss           0x00000000        0x0 c:/program files (x86)/atmel/studio/7.0/toolchain/avr8/avr8-gnu-toolchain/bin/../lib/gcc/avr/5.4.0/avr5\libgcc.a(_exit.o)
 .text.libgcc.mul
                0x00000000        0x0 c:/program files (x86)/atmel/studio/7.0/toolchain/avr8/avr8-gnu-toolchain/bin/../lib/gcc/avr/5.4.0/avr5\libgcc.a(_exit.o)
 .text.libgcc.div
                0x00000000        0x0 c:/program files (x86)/atmel/studio/7.0/toolchain/avr8/avr8-gnu-toolchain/bin/../lib/gcc/avr/5.4.0/avr5\libgcc.a(_exit.o)
 .text.libgcc   0x00000000        0x0 c:/program files (x86)/atmel/studio/7.0/toolchain/avr8/avr8-gnu-toolchain/bin/../lib/gcc/avr/5.4.0/avr5\libgcc.a(_exit.o)
 .text.libgcc.prologue
                0x00000000        0x0 c:/program files (x86)/atmel/studio/7.0/toolchain/avr8/avr8-gnu-toolchain/bin/../lib/gcc/avr/5.4.0/avr5\libgcc.a(_exit.o)
 .text.libgcc.builtins
                0x00000000        0x0 c:/program files (x86)/atmel/studio/7.0/toolchain/avr8/avr8-gnu-toolchain/bin/../lib/gcc/avr/5.4.0/avr5\libgcc.a(_exit.o)
 .text.libgcc.fmul
                0x00000000        0x0 c:/program files (x86)/atmel/studio/7.0/toolchain/avr8/avr8-gnu-toolchain/bin/../lib/gcc/avr/5.4.0/avr5\libgcc.a(_exit.o)
 .text.libgcc.fixed
                0x00000000        0x0 c:/program files (x86)/atmel/studio/7.0/toolchain/avr8/avr8-gnu-toolchain/bin/../lib/gcc/avr/5.4.0/avr5\libgcc.a(_exit.o)
 .text          0x00000000        0x0 c:/program files (x86)/atmel/studio/7.0/toolchain/avr8/avr8-gnu-toolchain/bin/../lib/gcc/avr/5.4.0/avr5\libgcc.a(_tablejump2.o)
 .data          0x00000000        0x0 c:/program files (x86)/atmel/studio/7.0/toolchain/avr8/avr8-gnu-toolchain/bin/../lib/gcc/avr/5.4.0/avr5\libgcc.a(_tablejump2.o)
 .bss           0x00000000        0x0 c:/program files (x86)/atmel/studio/7.0/toolchain/avr8/avr8-gnu-toolchain/bin/../lib/gcc/avr/5.4.0/avr5\libgcc.a(_tablejump2.o)
 .text.libgcc.mul
                0x00000000        0x0 c:/program files (x86)/atmel/studio/7.0/toolchain/avr8/avr8-gnu-toolchain/bin/../lib/gcc/avr/5.4.0/avr5\libgcc.a(_tablejump2.o)
 .text.libgcc.div
                0x00000000        0x0 c:/program files (x86)/atmel/studio/7.0/toolchain/avr8/avr8-gnu-toolchain/bin/../lib/gcc/avr/5.4.0/avr5\libgcc.a(_tablejump2.o)
 .text.libgcc   0x00000000        0xc c:/program files (x86)/atmel/studio/7.0/toolchain/avr8/avr8-gnu-toolchain/bin/../lib/gcc/avr/5.4.0/avr5\libgcc.a(_tablejump2.o)
 .text.libgcc.prologue
                0x00000000        0x0 c:/program files (x86)/atmel/studio/7.0/toolchain/avr8/avr8-gnu-toolchain/bin/../lib/gcc/avr/5.4.0/avr5\libgcc.a(_tablejump2.o)
 .text.libgcc.builtins
                0x00000000        0x0 c:/program files (x86)/atmel/studio/7.0/toolchain/avr8/avr8-gnu-toolchain/bin/../lib/gcc/avr/5.4.0/avr5\libgcc.a(_tablejump2.o)
 .text.libgcc.fmul
                0x00000000        0x0 c:/program files (x86)/atmel/studio/7.0/toolchain/avr8/avr8-gnu-toolchain/bin/../lib/gcc/avr/5.4.0/avr5\libgcc.a(_tablejump2.o)
 .text.libgcc.fixed
                0x00000000        0x0 c:/program files (x86)/atmel/studio/7.0/toolchain/avr8/avr8-gnu-toolchain/bin/../lib/gcc/avr/5.4.0/avr5\libgcc.a(_tablejump2.o)
 .text          0x00000000        0x0 c:/program files (x86)/atmel/studio/7.0/toolchain/avr8/avr8-gnu-toolchain/bin/../lib/gcc/avr/5.4.0/avr5\libgcc.a(_copy_data.o)
 .data          0x00000000        0x0 c:/program files (x86)/atmel/studio/7.0/toolchain/avr8/avr8-gnu-toolchain/bin/../lib/gcc/avr/5.4.0/avr5\libgcc.a(_copy_data.o)
 .bss           0x00000000        0x0 c:/program files (x86)/atmel/studio/7.0/toolchain/avr8/avr8-gnu-toolchain/bin/../lib/gcc/avr/5.4.0/avr5\libgcc.a(_copy_data.o)
 .text.libgcc.mul
                0x00000000        0x0 c:/program files (x86)/atmel/studio/7.0/toolchain/avr8/avr8-gnu-toolchain/bin/../lib/gcc/avr/5.4.0/avr5\libgcc.a(_copy_data.o)
 .text.libgcc.div
                0x00000000        0x0 c:/program files (x86)/atmel/studio/7.0/toolchain/avr8/avr8-gnu-toolchain/bin/../lib/gcc/avr/5.4.0/avr5\libgcc.a(_copy_data.o)
 .text.libgcc   0x00000000        0x0 c:/program files (x86)/atmel/studio/7.0/toolchain/avr8/avr8-gnu-toolchain/bin/../lib/gcc/avr/5.4.0/avr5\libgcc.a(_copy_data.o)
 .text.libgcc.prologue
                0x00000000        0x0 c:/program files (x86)/atmel/studio/7.0/toolchain/avr8/avr8-gnu-toolchain/bin/../lib/gcc/avr/5.4.0/avr5\libgcc.a(_copy_data.o)
 .text.libgcc.builtins
                0x00000000        0x0 c:/program files (x86)/atmel/studio/7.0/toolchain/avr8/avr8-gnu-toolchain/bin/../lib/gcc/avr/5.4.0/avr5\libgcc.a(_copy_data.o)
 .text.libgcc.fmul
                0x00000000        0x0 c:/program files (x86)/atmel/studio/7.0/toolchain/avr8/avr8-gnu-toolchain/bin/../lib/gcc/avr/5.4.0/avr5\libgcc.a(_copy_data.o)
 .text.libgcc.fixed
                0x00000000        0x0 c:/program files (x86)/atmel/studio/7.0/toolchain/avr8/avr8-gnu-toolchain/bin/../lib/gcc/avr/5.4.0/avr5\libgcc.a(_copy_data.o)
 .text          0x00000000        0x0 c:/program files (x86)/atmel/studio/7.0/toolchain/avr8/avr8-gnu-toolchain/bin/../lib/gcc/avr/5.4.0/avr5\libgcc.a(_clear_bss.o)
 .data          0x00000000        0x0 c:/program files (x86)/atmel/studio/7.0/toolchain/avr8/avr8-gnu-toolchain/bin/../lib/gcc/avr/5.4.0/avr5\libgcc.a(_clear_bss.o)
 .bss           0x00000000        0x0 c:/program files (x86)/atmel/studio/7.0/toolchain/avr8/avr8-gnu-toolchain/bin/../lib/gcc/avr/5.4.0/avr5\libgcc.a(_clear_bss.o)
 .text.libgcc.mul
                0x00000000        0x0 c:/program files (x86)/atmel/studio/7.0/toolchain/avr8/avr8-gnu-toolchain/bin/../lib/gcc/avr/5.4.0/avr5\libgcc.a(_clear_bss.o)
 .text.libgcc.div
                0x00000000        0x0 c:/program files (x86)/atmel/studio/7.0/toolchain/avr8/avr8-gnu-toolchain/bin/../lib/gcc/avr/5.4.0/avr5\libgcc.a(_clear_bss.o)
 .text.libgcc   0x00000000        0x0 c:/program files (x86)/atmel/studio/7.0/toolchain/avr8/avr8-gnu-toolchain/bin/../lib/gcc/avr/5.4.0/avr5\libgcc.a(_clear_bss.o)
 .text.libgcc.prologue
                0x00000000        0x0 c:/program files (x86)/atmel/studio/7.0/toolchain/avr8/avr8-gnu-toolchain/bin/../lib/gcc/avr/5.4.0/avr5\libgcc.a(_clear_bss.o)
 .text.libgcc.builtins
                0x00000000        0x0 c:/program files (x86)/atmel/studio/7.0/toolchain/avr8/avr8-gnu-toolchain/bin/../lib/gcc/avr/5.4.0/avr5\libgcc.a(_clear_bss.o)
 .text.libgcc.fmul
                0x00000000        0x0 c:/program files (x86)/atmel/studio/7.0/toolchain/avr8/avr8-gnu-toolchain/bin/../lib/gcc/avr/5.4.0/avr5\libgcc.a(_clear_bss.o)
 .text.libgcc.fixed
                0x00000000        0x0 c:/program files (x86)/atmel/studio/7.0/toolchain/avr8/avr8-gnu-toolchain/bin/../lib/gcc/avr/5.4.0/avr5\libgcc.a(_clear_bss.o)

Memory Configuration

Name             Origin             Length             Attributes
text             0x00000000         0x00008000         xr
data             0x00800060         0x00000800         rw !x
eeprom           0x00810000         0x00000400         rw !x
fuse             0x00820000         0x00000002         rw !x
lock             0x00830000         0x00000400         rw !x
signature        0x00840000         0x00000400         rw !x
user_signatures  0x00850000         0x00000400         rw !x
*default*        0x00000000         0xffffffff

Linker script and memory map

LOAD C:/Program Files (x86)/Atmel/Studio/7.0/Packs/atmel/ATmega_DFP/1.7.374/gcc/dev/atmega32a/avr5/crtatmega32a.o
LOAD APP/Final_project.o
LOAD HAL/EEPROM/EEPROM_MT.o
LOAD HAL/KEY_PAD/Keypad_Driver.o
LOAD HAL/LCD/LCD_Driver.o
LOAD main.o
LOAD MCAL/ADC/ADCc.o
LOAD MCAL/DIO/DIO.o
LOAD MCAL/I2C/i2c_MT.o
LOAD MCAL/INTERRUPT/external_interrupts.o
LOAD MCAL/TIMER/timer0.o
LOAD MCAL/UART!/UART.o
START GROUP
LOAD c:/program files (x86)/atmel/studio/7.0/toolchain/avr8/avr8-gnu-toolchain/bin/../lib/gcc/avr/5.4.0/../../../../avr/lib/avr5\libm.a
END GROUP
START GROUP
LOAD c:/program files (x86)/atmel/studio/7.0/toolchain/avr8/avr8-gnu-toolchain/bin/../lib/gcc/avr/5.4.0/avr5\libgcc.a
LOAD c:/program files (x86)/atmel/studio/7.0/toolchain/avr8/avr8-gnu-toolchain/bin/../lib/gcc/avr/5.4.0/../../../../avr/lib/avr5\libm.a
LOAD c:/program files (x86)/atmel/studio/7.0/toolchain/avr8/avr8-gnu-toolchain/bin/../lib/gcc/avr/5.4.0/../../../../avr/lib/avr5\libc.a
LOAD C:/Program Files (x86)/Atmel/Studio/7.0/Packs/atmel/ATmega_DFP/1.7.374/gcc/dev/atmega32a/avr5\libatmega32a.a
END GROUP
                [0x00000000]                __TEXT_REGION_ORIGIN__ = DEFINED (__TEXT_REGION_ORIGIN__)?__TEXT_REGION_ORIGIN__:0x0
                [0x00800060]                __DATA_REGION_ORIGIN__ = DEFINED (__DATA_REGION_ORIGIN__)?__DATA_REGION_ORIGIN__:0x800060
                [0x00008000]                __TEXT_REGION_LENGTH__ = DEFINED (__TEXT_REGION_LENGTH__)?__TEXT_REGION_LENGTH__:0x20000
                [0x00000800]                __DATA_REGION_LENGTH__ = DEFINED (__DATA_REGION_LENGTH__)?__DATA_REGION_LENGTH__:0xffa0
                [0x00000400]                __EEPROM_REGION_LENGTH__ = DEFINED (__EEPROM_REGION_LENGTH__)?__EEPROM_REGION_LENGTH__:0x10000
                [0x00000002]                __FUSE_REGION_LENGTH__ = DEFINED (__FUSE_REGION_LENGTH__)?__FUSE_REGION_LENGTH__:0x400
                0x00000400                __LOCK_REGION_LENGTH__ = DEFINED (__LOCK_REGION_LENGTH__)?__LOCK_REGION_LENGTH__:0x400
                0x00000400                __SIGNATURE_REGION_LENGTH__ = DEFINED (__SIGNATURE_REGION_LENGTH__)?__SIGNATURE_REGION_LENGTH__:0x400
                0x00000400                __USER_SIGNATURE_REGION_LENGTH__ = DEFINED (__USER_SIGNATURE_REGION_LENGTH__)?__USER_SIGNATURE_REGION_LENGTH__:0x400

.hash
 *(.hash)

.dynsym
 *(.dynsym)

.dynstr
 *(.dynstr)

.gnu.version
 *(.gnu.version)

.gnu.version_d
 *(.gnu.version_d)

.gnu.version_r
 *(.gnu.version_r)

.rel.init
 *(.rel.init)

.rela.init
 *(.rela.init)

.rel.text
 *(.rel.text)
 *(.rel.text.*)
 *(.rel.gnu.linkonce.t*)

.rela.text
 *(.rela.text)
 *(.rela.text.*)
 *(.rela.gnu.linkonce.t*)

.rel.fini
 *(.rel.fini)

.rela.fini
 *(.rela.fini)

.rel.rodata
 *(.rel.rodata)
 *(.rel.rodata.*)
 *(.rel.gnu.linkonce.r*)

.rela.rodata
 *(.rela.rodata)
 *(.rela.rodata.*)
 *(.rela.gnu.linkonce.r*)

.rel.data
 *(.rel.data)
 *(.rel.data.*)
 *(.rel.gnu.linkonce.d*)

.rela.data
 *(.rela.data)
 *(.rela.data.*)
 *(.rela.gnu.linkonce.d*)

.rel.ctors
 *(.rel.ctors)

.rela.ctors
 *(.rela.ctors)

.rel.dtors
 *(.rel.dtors)

.rela.dtors
 *(.rela.dtors)

.rel.got
 *(.rel.got)

.rela.got
 *(.rela.got)

.rel.bss
 *(.rel.bss)

.rela.bss
 *(.rela.bss)

.rel.plt
 *(.rel.plt)

.rela.plt
 *(.rela.plt)

.text           0x00000000      0xc5e
 *(.vectors)
 .vectors       0x00000000       0x54 C:/Program Files (x86)/Atmel/Studio/7.0/Packs/atmel/ATmega_DFP/1.7.374/gcc/dev/atmega32a/avr5/crtatmega32a.o
                0x00000000                __vector_default
                0x00000000                __vectors
 *(.vectors)
 *(.progmem.gcc*)
                0x00000054                . = ALIGN (0x2)
                0x00000054                __trampolines_start = .
 *(.trampolines)
 .trampolines   0x00000054        0x0 linker stubs
 *(.trampolines*)
                0x00000054                __trampolines_end = .
 *libprintf_flt.a:*(.progmem.data)
 *libc.a:*(.progmem.data)
 *(.progmem*)
                0x00000054                . = ALIGN (0x2)
 *(.jumptables)
 *(.jumptables*)
 *(.lowtext)
 *(.lowtext*)
                0x00000054                __ctors_start = .
 *(.ctors)
                0x00000054                __ctors_end = .
                0x00000054                __dtors_start = .
 *(.dtors)
                0x00000054                __dtors_end = .
 SORT(*)(.ctors)
 SORT(*)(.dtors)
 *(.init0)
 .init0         0x00000054        0x0 C:/Program Files (x86)/Atmel/Studio/7.0/Packs/atmel/ATmega_DFP/1.7.374/gcc/dev/atmega32a/avr5/crtatmega32a.o
                0x00000054                __init
 *(.init0)
 *(.init1)
 *(.init1)
 *(.init2)
 .init2         0x00000054        0xc C:/Program Files (x86)/Atmel/Studio/7.0/Packs/atmel/ATmega_DFP/1.7.374/gcc/dev/atmega32a/avr5/crtatmega32a.o
 *(.init2)
 *(.init3)
 *(.init3)
 *(.init4)
 .init4         0x00000060       0x16 c:/program files (x86)/atmel/studio/7.0/toolchain/avr8/avr8-gnu-toolchain/bin/../lib/gcc/avr/5.4.0/avr5\libgcc.a(_copy_data.o)
                0x00000060                __do_copy_data
 .init4         0x00000076       0x10 c:/program files (x86)/atmel/studio/7.0/toolchain/avr8/avr8-gnu-toolchain/bin/../lib/gcc/avr/5.4.0/avr5\libgcc.a(_clear_bss.o)
                0x00000076                __do_clear_bss
 *(.init4)
 *(.init5)
 *(.init5)
 *(.init6)
 *(.init6)
 *(.init7)
 *(.init7)
 *(.init8)
 *(.init8)
 *(.init9)
 .init9         0x00000086        0x8 C:/Program Files (x86)/Atmel/Studio/7.0/Packs/atmel/ATmega_DFP/1.7.374/gcc/dev/atmega32a/avr5/crtatmega32a.o
 *(.init9)
 *(.text)
 .text          0x0000008e        0x4 C:/Program Files (x86)/Atmel/Studio/7.0/Packs/atmel/ATmega_DFP/1.7.374/gcc/dev/atmega32a/avr5/crtatmega32a.o
                0x0000008e                __vector_1
                0x0000008e                __vector_12
                0x0000008e                __bad_interrupt
                0x0000008e                __vector_6
                0x0000008e                __vector_3
                0x0000008e                __vector_17
                0x0000008e                __vector_19
                0x0000008e                __vector_7
                0x0000008e                __vector_5
                0x0000008e                __vector_4
                0x0000008e                __vector_9
                0x0000008e                __vector_15
                0x0000008e                __vector_8
                0x0000008e                __vector_14
                0x0000008e                __vector_16
                0x0000008e                __vector_18
                0x0000008e                __vector_20
                0x00000092                . = ALIGN (0x2)
 *(.text.*)
 .text.app_init
                0x00000092       0x70 APP/Final_project.o
                0x00000092                app_init
 .text.__vector_13
                0x00000102       0x1e APP/Final_project.o
                0x00000102                __vector_13
 .text.set_func
                0x00000120       0x66 APP/Final_project.o
                0x00000120                set_func
 .text.show_func
                0x00000186       0x4e APP/Final_project.o
                0x00000186                show_func
 .text.app_start
                0x000001d4       0x3c APP/Final_project.o
                0x000001d4                app_start
 .text.__vector_2
                0x00000210       0x4c APP/Final_project.o
                0x00000210                __vector_2
 .text.wellcom_func
                0x0000025c       0x3c APP/Final_project.o
                0x0000025c                wellcom_func
 .text.EEPROM_INIT
                0x00000298        0x6 HAL/EEPROM/EEPROM_MT.o
                0x00000298                EEPROM_INIT
 .text.EEPROM_write
                0x0000029e       0x3e HAL/EEPROM/EEPROM_MT.o
                0x0000029e                EEPROM_write
 .text.KPD_init
                0x000002dc       0x64 HAL/KEY_PAD/Keypad_Driver.o
                0x000002dc                KPD_init
 .text.KPD_getKey
                0x00000340       0x96 HAL/KEY_PAD/Keypad_Driver.o
                0x00000340                KPD_getKey
 .text.latch    0x000003d6       0x1e HAL/LCD/LCD_Driver.o
                0x000003d6                latch
 .text.lcdcmd   0x000003f4       0x3a HAL/LCD/LCD_Driver.o
                0x000003f4                lcdcmd
 .text.lcdinit  0x0000042e       0x74 HAL/LCD/LCD_Driver.o
                0x0000042e                lcdinit
 .text.lcdchar  0x000004a2       0x3a HAL/LCD/LCD_Driver.o
                0x000004a2                lcdchar
 .text.lcdstr   0x000004dc       0x26 HAL/LCD/LCD_Driver.o
                0x000004dc                lcdstr
 .text.lcdgoto  0x00000502       0x52 HAL/LCD/LCD_Driver.o
                0x00000502                lcdgoto
 .text.lcdclear
                0x00000554       0x14 HAL/LCD/LCD_Driver.o
                0x00000554                lcdclear
 .text.LCD_intgerToString
                0x00000568       0xc8 HAL/LCD/LCD_Driver.o
                0x00000568                LCD_intgerToString
 .text.main     0x00000630        0xe main.o
                0x00000630                main
 .text.ADC_init
                0x0000063e       0x30 MCAL/ADC/ADCc.o
                0x0000063e                ADC_init
 .text.DIO_init_pin
                0x0000066e      0x11e MCAL/DIO/DIO.o
                0x0000066e                DIO_init_pin
 .text.DIO_write_pin
                0x0000078c      0x11e MCAL/DIO/DIO.o
                0x0000078c                DIO_write_pin
 .text.DIO_read_pin
                0x000008aa       0xd4 MCAL/DIO/DIO.o
                0x000008aa                DIO_read_pin
 .text.DIO_write_port
                0x0000097e       0x32 MCAL/DIO/DIO.o
                0x0000097e                DIO_write_port
 .text.i2c_init
                0x000009b0        0xc MCAL/I2C/i2c_MT.o
                0x000009b0                i2c_init
 .text.i2c_start
                0x000009bc        0xc MCAL/I2C/i2c_MT.o
                0x000009bc                i2c_start
 .text.i2c_stop
                0x000009c8        0x6 MCAL/I2C/i2c_MT.o
                0x000009c8                i2c_stop
 .text.i2c_write
                0x000009ce        0xe MCAL/I2C/i2c_MT.o
                0x000009ce                i2c_write
 .text.EXT_INT_1_init
                0x000009dc       0x38 MCAL/INTERRUPT/external_interrupts.o
                0x000009dc                EXT_INT_1_init
 .text.timer0_init
                0x00000a14      0x110 MCAL/TIMER/timer0.o
                0x00000a14                timer0_init
 .text.__vector_11
                0x00000b24       0x52 MCAL/TIMER/timer0.o
                0x00000b24                __vector_11
 .text.__vector_10
                0x00000b76       0x52 MCAL/TIMER/timer0.o
                0x00000b76                __vector_10
 .text.UART_Init
                0x00000bc8       0x1c MCAL/UART!/UART.o
                0x00000bc8                UART_Init
 .text.UART_RXC_interruptEnable
                0x00000be4        0xa MCAL/UART!/UART.o
                0x00000be4                UART_RXC_interruptEnable
 .text.libgcc.div
                0x00000bee       0x28 c:/program files (x86)/atmel/studio/7.0/toolchain/avr8/avr8-gnu-toolchain/bin/../lib/gcc/avr/5.4.0/avr5\libgcc.a(_udivmodhi4.o)
                0x00000bee                __udivmodhi4
 .text.libgcc.div
                0x00000c16       0x44 c:/program files (x86)/atmel/studio/7.0/toolchain/avr8/avr8-gnu-toolchain/bin/../lib/gcc/avr/5.4.0/avr5\libgcc.a(_udivmodsi4.o)
                0x00000c16                __udivmodsi4
                0x00000c5a                . = ALIGN (0x2)
 *(.fini9)
 .fini9         0x00000c5a        0x0 c:/program files (x86)/atmel/studio/7.0/toolchain/avr8/avr8-gnu-toolchain/bin/../lib/gcc/avr/5.4.0/avr5\libgcc.a(_exit.o)
                0x00000c5a                _exit
                0x00000c5a                exit
 *(.fini9)
 *(.fini8)
 *(.fini8)
 *(.fini7)
 *(.fini7)
 *(.fini6)
 *(.fini6)
 *(.fini5)
 *(.fini5)
 *(.fini4)
 *(.fini4)
 *(.fini3)
 *(.fini3)
 *(.fini2)
 *(.fini2)
 *(.fini1)
 *(.fini1)
 *(.fini0)
 .fini0         0x00000c5a        0x4 c:/program files (x86)/atmel/studio/7.0/toolchain/avr8/avr8-gnu-toolchain/bin/../lib/gcc/avr/5.4.0/avr5\libgcc.a(_exit.o)
 *(.fini0)
                0x00000c5e                _etext = .

.data           0x00800060       0xac load address 0x00000c5e
                0x00800060                PROVIDE (__data_start, .)
 *(.data)
 *(.data*)
 .data.mintemp  0x00800060        0x1 APP/Final_project.o
                0x00800060                mintemp
 .data.maxtemp  0x00800061        0x1 APP/Final_project.o
                0x00800061                maxtemp
 *(.gnu.linkonce.d*)
 *(.rodata)
 *(.rodata*)
 .rodata.str1.1
                0x00800062       0x99 APP/Final_project.o
 .rodata.keypad_keys
                0x008000fb       0x10 HAL/KEY_PAD/Keypad_Driver.o
 *(.gnu.linkonce.r*)
                0x0080010c                . = ALIGN (0x2)
 *fill*         0x0080010b        0x1 
                0x0080010c                _edata = .
                0x0080010c                PROVIDE (__data_end, .)

.bss            0x0080010c        0x3
                0x0080010c                PROVIDE (__bss_start, .)
 *(.bss)
 *(.bss*)
 .bss.data      0x0080010c        0x1 APP/Final_project.o
 .bss.ptr2fun_t0ovf
                0x0080010d        0x2 MCAL/TIMER/timer0.o
 *(COMMON)
                0x0080010f                PROVIDE (__bss_end, .)
                0x00000c5e                __data_load_start = LOADADDR (.data)
                0x00000d0a                __data_load_end = (__data_load_start + SIZEOF (.data))

.noinit         0x0080010f        0x0
                [!provide]                PROVIDE (__noinit_start, .)
 *(.noinit*)
                [!provide]                PROVIDE (__noinit_end, .)
                0x0080010f                _end = .
                [!provide]                PROVIDE (__heap_start, .)

.eeprom         0x00810000        0x0
 *(.eeprom*)
                0x00810000                __eeprom_end = .

.fuse
 *(.fuse)
 *(.lfuse)
 *(.hfuse)
 *(.efuse)

.lock
 *(.lock*)

.signature
 *(.signature*)

.user_signatures
 *(.user_signatures*)

.stab
 *(.stab)

.stabstr
 *(.stabstr)

.stab.excl
 *(.stab.excl)

.stab.exclstr
 *(.stab.exclstr)

.stab.index
 *(.stab.index)

.stab.indexstr
 *(.stab.indexstr)

.comment        0x00000000       0x30
 *(.comment)
 .comment       0x00000000       0x30 APP/Final_project.o
                                 0x31 (size before relaxing)
 .comment       0x00000030       0x31 HAL/EEPROM/EEPROM_MT.o
 .comment       0x00000030       0x31 HAL/KEY_PAD/Keypad_Driver.o
 .comment       0x00000030       0x31 HAL/LCD/LCD_Driver.o
 .comment       0x00000030       0x31 main.o
 .comment       0x00000030       0x31 MCAL/ADC/ADCc.o
 .comment       0x00000030       0x31 MCAL/DIO/DIO.o
 .comment       0x00000030       0x31 MCAL/I2C/i2c_MT.o
 .comment       0x00000030       0x31 MCAL/INTERRUPT/external_interrupts.o
 .comment       0x00000030       0x31 MCAL/TIMER/timer0.o
 .comment       0x00000030       0x31 MCAL/UART!/UART.o

.note.gnu.avr.deviceinfo
                0x00000000       0x3c
 .note.gnu.avr.deviceinfo
                0x00000000       0x3c C:/Program Files (x86)/Atmel/Studio/7.0/Packs/atmel/ATmega_DFP/1.7.374/gcc/dev/atmega32a/avr5/crtatmega32a.o

.note.gnu.build-id
 *(.note.gnu.build-id)

.debug
 *(.debug)

.line
 *(.line)

.debug_srcinfo
 *(.debug_srcinfo)

.debug_sfnames
 *(.debug_sfnames)

.debug_aranges  0x00000000      0x2f0
 *(.debug_aranges)
 .debug_aranges
                0x00000000       0x58 APP/Final_project.o
 .debug_aranges
                0x00000058       0x30 HAL/EEPROM/EEPROM_MT.o
 .debug_aranges
                0x00000088       0x28 HAL/KEY_PAD/Keypad_Driver.o
 .debug_aranges
                0x000000b0       0x78 HAL/LCD/LCD_Driver.o
 .debug_aranges
                0x00000128       0x20 main.o
 .debug_aranges
                0x00000148       0x28 MCAL/ADC/ADCc.o
 .debug_aranges
                0x00000170       0x50 MCAL/DIO/DIO.o
 .debug_aranges
                0x000001c0       0x58 MCAL/I2C/i2c_MT.o
 .debug_aranges
                0x00000218       0x30 MCAL/INTERRUPT/external_interrupts.o
 .debug_aranges
                0x00000248       0x58 MCAL/TIMER/timer0.o
 .debug_aranges
                0x000002a0       0x50 MCAL/UART!/UART.o

.debug_pubnames
 *(.debug_pubnames)

.debug_info     0x00000000     0x2b55
 *(.debug_info .gnu.linkonce.wi.*)
 .debug_info    0x00000000      0x4e6 C:/Program Files (x86)/Atmel/Studio/7.0/Packs/atmel/ATmega_DFP/1.7.374/gcc/dev/atmega32a/avr5/crtatmega32a.o
 .debug_info    0x000004e6      0xd06 APP/Final_project.o
 .debug_info    0x000011ec      0x2d0 HAL/EEPROM/EEPROM_MT.o
 .debug_info    0x000014bc      0x38e HAL/KEY_PAD/Keypad_Driver.o
 .debug_info    0x0000184a      0x7f4 HAL/LCD/LCD_Driver.o
 .debug_info    0x0000203e       0xd7 main.o
 .debug_info    0x00002115      0x10e MCAL/ADC/ADCc.o
 .debug_info    0x00002223      0x272 MCAL/DIO/DIO.o
 .debug_info    0x00002495      0x163 MCAL/I2C/i2c_MT.o
 .debug_info    0x000025f8      0x117 MCAL/INTERRUPT/external_interrupts.o
 .debug_info    0x0000270f      0x26f MCAL/TIMER/timer0.o
 .debug_info    0x0000297e      0x1d7 MCAL/UART!/UART.o

.debug_abbrev   0x00000000     0x104d
 *(.debug_abbrev)
 .debug_abbrev  0x00000000      0x4a3 C:/Program Files (x86)/Atmel/Studio/7.0/Packs/atmel/ATmega_DFP/1.7.374/gcc/dev/atmega32a/avr5/crtatmega32a.o
 .debug_abbrev  0x000004a3      0x1c1 APP/Final_project.o
 .debug_abbrev  0x00000664      0x145 HAL/EEPROM/EEPROM_MT.o
 .debug_abbrev  0x000007a9      0x15e HAL/KEY_PAD/Keypad_Driver.o
 .debug_abbrev  0x00000907      0x1f7 HAL/LCD/LCD_Driver.o
 .debug_abbrev  0x00000afe       0x65 main.o
 .debug_abbrev  0x00000b63       0x9f MCAL/ADC/ADCc.o
 .debug_abbrev  0x00000c02       0xd7 MCAL/DIO/DIO.o
 .debug_abbrev  0x00000cd9       0xbd MCAL/I2C/i2c_MT.o
 .debug_abbrev  0x00000d96       0x92 MCAL/INTERRUPT/external_interrupts.o
 .debug_abbrev  0x00000e28       0xf2 MCAL/TIMER/timer0.o
 .debug_abbrev  0x00000f1a      0x133 MCAL/UART!/UART.o

.debug_line     0x00000000     0x1dcc
 *(.debug_line .debug_line.* .debug_line_end)
 .debug_line    0x00000000      0x116 C:/Program Files (x86)/Atmel/Studio/7.0/Packs/atmel/ATmega_DFP/1.7.374/gcc/dev/atmega32a/avr5/crtatmega32a.o
 .debug_line    0x00000116      0x572 APP/Final_project.o
 .debug_line    0x00000688      0x1c4 HAL/EEPROM/EEPROM_MT.o
 .debug_line    0x0000084c      0x229 HAL/KEY_PAD/Keypad_Driver.o
 .debug_line    0x00000a75      0x4ce HAL/LCD/LCD_Driver.o
 .debug_line    0x00000f43       0x67 main.o
 .debug_line    0x00000faa      0x119 MCAL/ADC/ADCc.o
 .debug_line    0x000010c3      0x4ee MCAL/DIO/DIO.o
 .debug_line    0x000015b1      0x1bb MCAL/I2C/i2c_MT.o
 .debug_line    0x0000176c      0x18a MCAL/INTERRUPT/external_interrupts.o
 .debug_line    0x000018f6      0x303 MCAL/TIMER/timer0.o
 .debug_line    0x00001bf9      0x1d3 MCAL/UART!/UART.o

.debug_frame    0x00000000      0x6bc
 *(.debug_frame)
 .debug_frame   0x00000000       0xec APP/Final_project.o
 .debug_frame   0x000000ec       0x60 HAL/EEPROM/EEPROM_MT.o
 .debug_frame   0x0000014c       0x5c HAL/KEY_PAD/Keypad_Driver.o
 .debug_frame   0x000001a8      0x160 HAL/LCD/LCD_Driver.o
 .debug_frame   0x00000308       0x24 main.o
 .debug_frame   0x0000032c       0x34 MCAL/ADC/ADCc.o
 .debug_frame   0x00000360       0x84 MCAL/DIO/DIO.o
 .debug_frame   0x000003e4       0x94 MCAL/I2C/i2c_MT.o
 .debug_frame   0x00000478       0x44 MCAL/INTERRUPT/external_interrupts.o
 .debug_frame   0x000004bc      0x124 MCAL/TIMER/timer0.o
 .debug_frame   0x000005e0       0xdc MCAL/UART!/UART.o

.debug_str      0x00000000      0xa19
 *(.debug_str)
 .debug_str     0x00000000      0x196 C:/Program Files (x86)/Atmel/Studio/7.0/Packs/atmel/ATmega_DFP/1.7.374/gcc/dev/atmega32a/avr5/crtatmega32a.o
 .debug_str     0x00000196      0x3d9 APP/Final_project.o
                                0x419 (size before relaxing)
 .debug_str     0x0000056f       0x60 HAL/EEPROM/EEPROM_MT.o
                                0x25f (size before relaxing)
 .debug_str     0x000005cf       0x65 HAL/KEY_PAD/Keypad_Driver.o
                                0x22e (size before relaxing)
 .debug_str     0x00000634       0x91 HAL/LCD/LCD_Driver.o
                                0x271 (size before relaxing)
 .debug_str     0x000006c5       0x11 main.o
                                0x1a9 (size before relaxing)
 .debug_str     0x000006d6       0x75 MCAL/ADC/ADCc.o
                                0x1df (size before relaxing)
 .debug_str     0x0000074b       0xa5 MCAL/DIO/DIO.o
                                0x231 (size before relaxing)
 .debug_str     0x000007f0       0x52 MCAL/I2C/i2c_MT.o
                                0x1d5 (size before relaxing)
 .debug_str     0x00000842       0xa5 MCAL/INTERRUPT/external_interrupts.o
                                0x209 (size before relaxing)
 .debug_str     0x000008e7       0xc7 MCAL/TIMER/timer0.o
                                0x2fc (size before relaxing)
 .debug_str     0x000009ae       0x6b MCAL/UART!/UART.o
                                0x22d (size before relaxing)

.debug_loc      0x00000000     0x1cc8
 *(.debug_loc)
 .debug_loc     0x00000000      0x347 APP/Final_project.o
 .debug_loc     0x00000347      0x1c2 HAL/EEPROM/EEPROM_MT.o
 .debug_loc     0x00000509      0x139 HAL/KEY_PAD/Keypad_Driver.o
 .debug_loc     0x00000642      0x8f9 HAL/LCD/LCD_Driver.o
 .debug_loc     0x00000f3b       0x58 MCAL/ADC/ADCc.o
 .debug_loc     0x00000f93      0x70e MCAL/DIO/DIO.o
 .debug_loc     0x000016a1       0x7b MCAL/I2C/i2c_MT.o
 .debug_loc     0x0000171c      0x112 MCAL/INTERRUPT/external_interrupts.o
 .debug_loc     0x0000182e      0x2f8 MCAL/TIMER/timer0.o
 .debug_loc     0x00001b26      0x1a2 MCAL/UART!/UART.o

.debug_macinfo
 *(.debug_macinfo)

.debug_weaknames
 *(.debug_weaknames)

.debug_funcnames
 *(.debug_funcnames)

.debug_typenames
 *(.debug_typenames)

.debug_varnames
 *(.debug_varnames)

.debug_pubtypes
 *(.debug_pubtypes)

.debug_ranges   0x00000000      0x240
 *(.debug_ranges)
 .debug_ranges  0x00000000       0x48 APP/Final_project.o
 .debug_ranges  0x00000048       0x20 HAL/EEPROM/EEPROM_MT.o
 .debug_ranges  0x00000068       0x18 HAL/KEY_PAD/Keypad_Driver.o
 .debug_ranges  0x00000080       0x68 HAL/LCD/LCD_Driver.o
 .debug_ranges  0x000000e8       0x10 main.o
 .debug_ranges  0x000000f8       0x18 MCAL/ADC/ADCc.o
 .debug_ranges  0x00000110       0x40 MCAL/DIO/DIO.o
 .debug_ranges  0x00000150       0x48 MCAL/I2C/i2c_MT.o
 .debug_ranges  0x00000198       0x20 MCAL/INTERRUPT/external_interrupts.o
 .debug_ranges  0x000001b8       0x48 MCAL/TIMER/timer0.o
 .debug_ranges  0x00000200       0x40 MCAL/UART!/UART.o

.debug_macro
 *(.debug_macro)
OUTPUT(Final Project.elf elf32-avr)
LOAD linker stubs
